// Jest Snapshot v1, https://goo.gl/fbAQLP

exports[`mounts empty, renders null 1`] = `null`;
